ARM Linker, 5.03 [Build 76] [MDK-ARM Professional]

==============================================================================

Section Cross References

    wm_http_fwup.o(.text) refers to _printf_percent.o(.ARM.Collect$$_printf_percent$$00000000) for _printf_percent
    wm_http_fwup.o(.text) refers to _printf_d.o(.ARM.Collect$$_printf_percent$$00000009) for _printf_d
    wm_http_fwup.o(.text) refers to _printf_dec.o(.text) for _printf_int_dec
    wm_http_fwup.o(.text) refers to wm_mem.o(.text) for mem_alloc_debug
    wm_http_fwup.o(.text) refers to rt_memclr.o(.text) for __aeabi_memclr
    wm_http_fwup.o(.text) refers to httpclient.o(.text) for HTTPClientOpenRequest
    wm_http_fwup.o(.text) refers to rt_memclr_w.o(.text) for __aeabi_memclr4
    wm_http_fwup.o(.text) refers to strstr.o(.text) for strstr
    wm_http_fwup.o(.text) refers to atol.o(.text) for atol
    wm_http_fwup.o(.text) refers to wm_socket_fwup.o(.text) for socket_fwup_accept
    wm_http_fwup.o(.text) refers to pbuf.o(.text) for pbuf_alloc
    wm_http_fwup.o(.text) refers to ucos_ii.o(.text) for OSTimeDly
    wm_http_fwup.o(.text) refers to aeabi_sdiv.o(.text_udiv) for __aeabi_uidivmod
    wm_http_fwup.o(.text) refers to __2printf.o(.text) for __2printf
    wm_socket_fwup.o(.text) refers to pbuf.o(.text) for pbuf_copy_partial
    wm_socket_fwup.o(.text) refers to wm_fwup.o(.text) for tls_fwup_request_sync
    wm_socket_fwup.o(.text) refers to tls_netconn.o(.text) for tls_socket_close
    wm_socket_fwup.o(.text) refers to wm_mem.o(.text) for mem_alloc_debug
    wm_socket_fwup.o(.text) refers to rt_memclr.o(.text) for __aeabi_memclr
    wm_socket_fwup.o(.text) refers to __2printf.o(.text) for __2printf
    wm_socket_fwup.o(.text) refers to wm_socket_fwup.o(.data) for .data
    dhcp_server.o(.text) refers to timers.o(.text) for sys_timeout_p
    dhcp_server.o(.text) refers to memcmp.o(.text) for memcmp
    dhcp_server.o(.text) refers to rt_memclr_w.o(.text) for __aeabi_memclr4
    dhcp_server.o(.text) refers to rt_memcpy.o(.text) for __aeabi_memcpy
    dhcp_server.o(.text) refers to pbuf.o(.text) for pbuf_alloc
    dhcp_server.o(.text) refers to def.o(.text) for lwip_htonl
    dhcp_server.o(.text) refers to ethernet.o(.text) for tls_get_netif
    dhcp_server.o(.text) refers to etharp.o(.text) for etharp_update_arp_entry
    dhcp_server.o(.text) refers to udp.o(.text) for udp_sendto
    dhcp_server.o(.text) refers to dhcp_server.o(.bss) for .bss
    dhcp_server.o(.text) refers to ip_addr.o(.constdata) for ip_addr_broadcast
    dhcp_server.o(.text) refers to aeabi_sdiv.o(.text_udiv) for __aeabi_uidivmod
    dhcp_server.o(.text) refers to ip_addr.o(.constdata) for ip_addr_any
    dns_server.o(.text) refers to strlen.o(.text) for strlen
    dns_server.o(.text) refers to wm_mem.o(.text) for mem_alloc_debug
    dns_server.o(.text) refers to def.o(.text) for lwip_htons
    dns_server.o(.text) refers to rt_memcpy.o(.text) for __aeabi_memcpy
    dns_server.o(.text) refers to pbuf.o(.text) for pbuf_alloc
    dns_server.o(.text) refers to udp.o(.text) for udp_sendto
    dns_server.o(.text) refers to rt_memclr_w.o(.text) for __aeabi_memclr4
    dns_server.o(.text) refers to dns_server.o(.bss) for .bss
    dns_server.o(.text) refers to ip_addr.o(.constdata) for ip_addr_any
    httpclient.o(.text) refers to strcpy.o(.text) for strcpy
    httpclient.o(.text) refers to wm_mem.o(.text) for mem_alloc_debug
    httpclient.o(.text) refers to rt_memclr_w.o(.text) for __aeabi_memclr4
    httpclient.o(.text) refers to rt_memclr.o(.text) for __aeabi_memclr
    httpclient.o(.text) refers to httpclientwrapper.o(.text) for HTTPWrapperGetUpTime
    httpclient.o(.text) refers to tls_sockets.o(.text) for shutdown
    httpclient.o(.text) refers to rt_memcpy.o(.text) for __aeabi_memcpy
    httpclient.o(.text) refers to strlen.o(.text) for strlen
    httpclient.o(.text) refers to strcat.o(.text) for strcat
    httpclient.o(.text) refers to httpclientstring.o(.text) for HTTPStrCaseStr
    httpclient.o(.text) refers to strstr.o(.text) for strstr
    httpclient.o(.text) refers to httpclient.o(.constdata) for .constdata
    httpclient.o(.text) refers to atol.o(.text) for atol
    httpclient.o(.text) refers to strncpy.o(.text) for strncpy
    httpclient.o(.text) refers to memcmp.o(.text) for memcmp
    httpclientstring.o(.text) refers to strlen.o(.text) for strlen
    httpclientstring.o(.text) refers to strstr.o(.text) for strstr
    httpclientstring.o(.text) refers to toupper.o(.text) for toupper
    httpclientstring.o(.text) refers to strchr.o(.text) for strchr
    httpclientstring.o(.text) refers to tolower.o(.text) for tolower
    httpclientstring.o(.text) refers to rt_ctype_table.o(.text) for __rt_ctype_table
    httpclientwrapper.o(.text) refers to aeabi_sdiv.o(.text) for __aeabi_idivmod
    httpclientwrapper.o(.text) refers to aeabi_sdiv.o(.text_udiv) for __aeabi_uidivmod
    httpclientwrapper.o(.text) refers to tls_sockets.o(.text) for shutdown
[...]
    _memset                                  0x00036e24   ARM Code       0  rt_memclr.o(.text)
    __aeabi_memclr4                          0x00036e60   ARM Code       0  rt_memclr_w.o(.text)
    __aeabi_memclr8                          0x00036e60   ARM Code       0  rt_memclr_w.o(.text)
    __rt_memclr_w                            0x00036e60   ARM Code      84  rt_memclr_w.o(.text)
    _memset_w                                0x00036e64   ARM Code       0  rt_memclr_w.o(.text)
    strncpy                                  0x00036eb4   ARM Code     104  strncpy.o(.text)
    strcmp                                   0x00036f20   ARM Code     156  strcmp.o(.text)
    __aeabi_uread4                           0x00036fc0   ARM Code       0  uread4.o(.text)
    __rt_uread4                              0x00036fc0   ARM Code      32  uread4.o(.text)
    __aeabi_uwrite4                          0x00036fe0   ARM Code       0  uwrite4.o(.text)
    __rt_uwrite4                             0x00036fe0   ARM Code      32  uwrite4.o(.text)
    __aeabi_idiv                             0x00037000   ARM Code       0  aeabi_sdiv.o(.text)
    __aeabi_idivmod                          0x00037000   ARM Code     380  aeabi_sdiv.o(.text)
    __use_two_region_memory                  0x0003717d   Thumb Code     2  heapauxi.o(.text)
    __rt_heap_escrow                         0x0003717f   Thumb Code     2  heapauxi.o(.text)
    __rt_heap_expand                         0x00037181   Thumb Code     2  heapauxi.o(.text)
    __rt_heap_descriptor                     0x00037184   ARM Code      16  rt_heap_descriptor_onelibspace.o(.text)
    __rt_locale                              0x00037194   ARM Code      16  rt_locale_onelibspace.o(.text)
    __aeabi_errno_addr                       0x000371a4   ARM Code       4  rt_errno_addr_onelibspace.o(.text)
    __errno$onelibspace                      0x000371a4   ARM Code       0  rt_errno_addr_onelibspace.o(.text)
    __rt_errno_addr$onelibspace              0x000371a4   ARM Code       0  rt_errno_addr_onelibspace.o(.text)
    __use_no_heap                            0x000371a9   Thumb Code     2  hguard.o(.text)
    __heap$guard                             0x000371ab   Thumb Code     2  hguard.o(.text)
    _terminate_user_alloc                    0x000371ad   Thumb Code     2  init_alloc.o(.text)
    _init_user_alloc                         0x000371af   Thumb Code     2  init_alloc.o(.text)
    __Heap_Full                              0x000371b1   Thumb Code    32  init_alloc.o(.text)
    __Heap_Broken                            0x000371d1   Thumb Code    10  init_alloc.o(.text)
    _init_alloc                              0x000371db   Thumb Code    90  init_alloc.o(.text)
    __Heap_Initialize                        0x00037235   Thumb Code    18  h1_init_mt.o(.text)
    __Heap_DescSize                          0x00037247   Thumb Code     4  h1_init_mt.o(.text)
    __aeabi_uldivmod                         0x0003724c   ARM Code       0  lludiv5.o(.text)
    _ll_udiv                                 0x0003724c   ARM Code     752  lludiv5.o(.text)
    _ll_udiv_donemoving                      0x00037260   ARM Code       0  lludiv5.o(.text)
    _printf_int_common                       0x0003753d   Thumb Code   176  _printf_intcommon.o(.text)
    _printf_char_common                      0x000375f7   Thumb Code    32  _printf_char_common.o(.text)
    _sputc                                   0x0003761d   Thumb Code    10  _sputc.o(.text)
    Inline ARM to Thumb Veneer to _printf_char 0x00037628   ARM Code       8  _printf_char.o(.text)
    _printf_cs_common                        0x00037631   Thumb Code    22  _printf_char.o(.text)
    _printf_char                             0x00037647   Thumb Code    16  _printf_char.o(.text)
    _printf_string                           0x00037657   Thumb Code     8  _printf_char.o(.text)
    _printf_char_file                        0x00037661   Thumb Code    34  _printf_char_file.o(.text)
    _chval                                   0x00037689   Thumb Code    30  _chval.o(.text)
    __vfscanf_char                           0x000376b5   Thumb Code    28  scanf_char.o(.text)
    _sgetc                                   0x000376d9   Thumb Code    32  _sgetc.o(.text)
    _sbackspace                              0x000376f9   Thumb Code    36  _sgetc.o(.text)
    strtol                                   0x0003771d   Thumb Code   108  strtol.o(.text)
    __rt_udiv10                              0x0003778c   ARM Code      44  rtudiv10.o(.text)
    __Heap_ProvideMemory                     0x000377b9   Thumb Code    54  h1_extend_mt.o(.text)
    isspace                                  0x000377ef   Thumb Code    18  isspace.o(.text)
    __vfscanf                                0x00037801   Thumb Code   910  _scanf.o(.text)
    _strtoul                                 0x00037b9d   Thumb Code   168  _strtoul.o(.text)
    __sig_exit                               0x00037c45   Thumb Code    12  defsig_exit.o(.text)
    __rt_SIGRTMEM                            0x00037c51   Thumb Code    12  defsig_rtmem_outer.o(.text)
    exit                                     0x00037c5d   Thumb Code    12  exit.o(.text)
    __default_signal_display                 0x00037c69   Thumb Code    52  defsig_general.o(.text)
    __rt_SIGRTMEM_inner                      0x00037c9d   Thumb Code    22  defsig_rtmem_inner.o(.text)
    __aeabi_uidiv                            0x00037cec   ARM Code       0  aeabi_sdiv.o(.text_udiv)
    __aeabi_uidivmod                         0x00037cec   ARM Code      36  aeabi_sdiv.o(.text_udiv)
    Init_MPU                                 0x00037d10   ARM Code     124  mpu.o(InitMPU)
    OSCPUSaveSR                              0x00037d90   ARM Code       0  os_cpu_a.o(UCOS_ARM)
    OSCPURestoreSR                           0x00037db0   ARM Code       0  os_cpu_a.o(UCOS_ARM)
    OSStartHighRdy                           0x00037db8   ARM Code       0  os_cpu_a.o(UCOS_ARM)
    OSCtxSw                                  0x00037de4   ARM Code       0  os_cpu_a.o(UCOS_ARM)
    OSIntCtxSw                               0x00037e40   ARM Code       0  os_cpu_a.o(UCOS_ARM)
    OS_CPU_Tick_ISR                          0x00037e74   ARM Code       0  os_cpu_a.o(UCOS_ARM)
    OS_CPU_IRQ_ISR                           0x00037f00   ARM Code       0  os_cpu_a.o(UCOS_ARM)
    Long ARM to Thumb Veneer to _printf_string 0x00037f9c   ARM Code       8  anon$$obj.o(Veneer$$Code)
    __ARM_common_ll_mulss                    0x00037fa4   ARM Code      12  tls_wl_rf65.o(i.__ARM_common_ll_mulss)
    __ARM_common_switch8                     0x00037fb0   ARM Code      24  wm_cmdp_at.o(i.__ARM_common_switch8)
    _is_digit                                0x00037fc9   Thumb Code    14  __printf_wp.o(i._is_digit)
    _get_lc_ctype                            0x00037fd8   ARM Code      72  lc_ctype_c.o(locale$$code)
    __fpl_dcheck_NaN1                        0x00038020   ARM Code      12  dcheck1.o(x$fpl$dcheck1)
    __aeabi_d2iz                             0x00038030   ARM Code       0  dfix.o(x$fpl$dfix)
    _dfix                                    0x00038030   ARM Code     112  dfix.o(x$fpl$dfix)
    __aeabi_i2d                              0x000380a0   ARM Code       0  dflt_clz.o(x$fpl$dflt)
    _dflt                                    0x000380a0   ARM Code      52  dflt_clz.o(x$fpl$dflt)
    __fpl_dnaninf                            0x000380d4   ARM Code     184  dnaninf.o(x$fpl$dnaninf)
    __fpl_return_NaN                         0x0003818c   ARM Code     116  retnan.o(x$fpl$retnan)
    __ARM_scalbn                             0x00038200   ARM Code     104  scalbn.o(x$fpl$scalbn)
    __fpl_cmpreturn                          0x00038268   ARM Code      60  trapv.o(x$fpl$trapveneer)
    __I$use$fp                               0x000382a4   Number         0  usenofp.o(x$fpl$usenofp)
    SysCreatedDate                           0x000382be   Data          12  wm_cmdp_at.o(.constdata)
    SysCreatedTime                           0x000382ca   Data           9  wm_cmdp_at.o(.constdata)
    FirmWareVer                              0x000383a5   Data           4  wm_main.o(.constdata)
    HwVer                                    0x000383a9   Data           6  wm_main.o(.constdata)
    OSUnMapTbl                               0x000383af   Data         256  ucos_ii.o(.constdata)
    baud_rates                               0x000384b0   Data         136  wm_uart.o(.constdata)
    memp_sizes                               0x0003857c   Data          30  memp.o(.constdata)
    tcp_persist_backoff                      0x0003859c   Data           7  tcp.o(.constdata)
    tcp_state_str                            0x000385a4   Data          44  tcp.o(.constdata)
    tcp_backoff                              0x000385d0   Data          13  tcp.o(.constdata)
    tcp_pcb_lists                            0x000385e0   Data          16  tcp.o(.constdata)
    ip_addr_any                              0x000385f0   Data           4  ip_addr.o(.constdata)
    ip_addr_broadcast                        0x000385f4   Data           4  ip_addr.o(.constdata)
    ethbroadcast                             0x000385f8   Data           6  etharp.o(.constdata)
    ethzero                                  0x000385fe   Data           6  etharp.o(.constdata)
    central_freq                             0x0003c27c   Data         120  tls_wl_rf65.o(.constdata)
    bbp_value                                0x0003d43c   Data          80  tls_wl_phy.o(.constdata)
    Region$$Table$$Base                      0x0003d79c   Number         0  anon$$obj.o(Region$$Table)
    Region$$Table$$Limit                     0x0003d7cc   Number         0  anon$$obj.o(Region$$Table)
    __ctype                                  0x0003d7d9   Data           0  lc_ctype_c.o(locale$$data)
    gfwupdatemode                            0x0003d8e0   Data           1  wm_cmdp.o(.data)
    net_up                                   0x0003d8e1   Data           1  wm_cmdp.o(.data)
    RSTTIMER                                 0x0003d8e4   Data           4  wm_cmdp.o(.data)
    set_uart0_mode_callback                  0x0003d8e8   Data           4  wm_cmdp.o(.data)
    get_uart1_port_callback                  0x0003d8ec   Data           4  wm_cmdp.o(.data)
    set_uart1_mode_callback                  0x0003d8f0   Data           4  wm_cmdp.o(.data)
    set_uart1_sock_param_callback            0x0003d8f4   Data           4  wm_cmdp.o(.data)
    gulCalFlag                               0x0003d8f8   Data           1  wm_cmdp_at.o(.data)
    default_socket                           0x0003dd34   Data           1  wm_cmdp_hostif.o(.data)
    default_sock_tmr                         0x0003dd38   Data           4  wm_cmdp_hostif.o(.data)
    WmOneshotMsg                             0x0003def0   Data           4  wm_cmdp_oneshot_task.o(.data)
    WmOneshotQueue                           0x0003def4   Data           4  wm_cmdp_oneshot_task.o(.data)
    WmOneShotTaskStk                         0x0003def8   Data           4  wm_cmdp_oneshot_task.o(.data)
    guchandshakeflag                         0x0003df02   Data           1  wm_wifi_oneshot.o(.data)
    smtcfgArray                              0x0003df03   Data           1  wm_wifi_oneshot.o(.data)
    smtcfg1array                             0x0003df28   Data           4  wm_wifi_oneshot.o(.data)
    App_R_Q                                  0x0003df58   Data           4  main.o(.data)
    net_up_status                            0x0003df5c   Data           1  wm_main.o(.data)
    libc_sem                                 0x0003df60   Data           4  wm_main.o(.data)
    OSCPUUsage                               0x0003df64   Data           1  ucos_ii.o(.data)
    OSStatRdy                                0x0003df65   Data           1  ucos_ii.o(.data)
    OSIntNesting                             0x0003df66   Data           1  ucos_ii.o(.data)
    OSLockNesting                            0x0003df67   Data           1  ucos_ii.o(.data)
    OSPrioCur                                0x0003df68   Data           1  ucos_ii.o(.data)
    OSPrioHighRdy                            0x0003df69   Data           1  ucos_ii.o(.data)
    OSRdyGrp                                 0x0003df6a   Data           1  ucos_ii.o(.data)
    OSRunning                                0x0003df6b   Data           1  ucos_ii.o(.data)
    OSTaskCtr                                0x0003df6c   Data           1  ucos_ii.o(.data)
    OSTickStepState                          0x0003df6d   Data           1  ucos_ii.o(.data)
    OSTmrFree                                0x0003df6e   Data           2  ucos_ii.o(.data)
    OSTmrUsed                                0x0003df70   Data           2  ucos_ii.o(.data)
    OSCtxSwCtr                               0x0003df74   Data           4  ucos_ii.o(.data)
    OSEventFreeList                          0x0003df78   Data           4  ucos_ii.o(.data)
    OSIdleCtrMax                             0x0003df7c   Data           4  ucos_ii.o(.data)
    OSIdleCtrRun                             0x0003df80   Data           4  ucos_ii.o(.data)
    OSIdleCtr                                0x0003df84   Data           4  ucos_ii.o(.data)
    OSTCBCur                                 0x0003df88   Data           4  ucos_ii.o(.data)
    OSTCBFreeList                            0x0003df8c   Data           4  ucos_ii.o(.data)
    OSTCBHighRdy                             0x0003df90   Data           4  ucos_ii.o(.data)
    OSTCBList                                0x0003df94   Data           4  ucos_ii.o(.data)
    OSQFreeList                              0x0003df98   Data           4  ucos_ii.o(.data)
    OSTime                                   0x0003df9c   Data           4  ucos_ii.o(.data)
    OSTmrTime                                0x0003dfa0   Data           4  ucos_ii.o(.data)
    OSTmrSem                                 0x0003dfa4   Data           4  ucos_ii.o(.data)
    OSTmrSemSignal                           0x0003dfa8   Data           4  ucos_ii.o(.data)
    OSTmrFreeList                            0x0003dfac   Data           4  ucos_ii.o(.data)
    OSRdyTbl                                 0x0003dfb0   Data           8  ucos_ii.o(.data)
    channels                                 0x0003dfc4   Data           8  wm_dma.o(.data)
    intr_counter                             0x0003e020   Data           1  wm_irq.o(.data)
    pwm_num                                  0x0003e021   Data           1  wm_pwm.o(.data)
    pwm_on                                   0x0003e022   Data           1  wm_pwm.o(.data)
    pwm_io                                   0x0003e023   Data           4  wm_pwm.o(.data)
    current_src_ip                           0x0003e028   Data           4  tls_netconn.o(.data)
    h_errno                                  0x0003e040   Data           4  netdb.o(.data)
    netif_list                               0x0003e070   Data           4  netif.o(.data)
    netif_default                            0x0003e074   Data           4  netif.o(.data)
    pbuf_free_ooseq_pending                  0x0003e078   Data           1  pbuf.o(.data)
    tcp_active_pcbs_changed                  0x0003e080   Data           1  tcp.o(.data)
    tcp_ticks                                0x0003e08c   Data           4  tcp.o(.data)
    tcp_bound_pcbs                           0x0003e090   Data           4  tcp.o(.data)
    tcp_listen_pcbs                          0x0003e094   Data           4  tcp.o(.data)
    tcp_active_pcbs                          0x0003e098   Data           4  tcp.o(.data)
    tcp_tw_pcbs                              0x0003e09c   Data           4  tcp.o(.data)
    tcp_tmp_pcb                              0x0003e0a0   Data           4  tcp.o(.data)
    tcp_input_pcb                            0x0003e0bc   Data           4  tcp_in.o(.data)
    udp_pcbs                                 0x0003e0c8   Data           4  udp.o(.data)
    current_netif                            0x0003e0d0   Data           4  ip.o(.data)
    current_header                           0x0003e0d4   Data           4  ip.o(.data)
    current_iphdr_src                        0x0003e0d8   Data           4  ip.o(.data)
    current_iphdr_dest                       0x0003e0dc   Data           4  ip.o(.data)
    ethif                                    0x0003e0ec   Data           4  ethernet.o(.data)
    nif                                      0x0003e0f0   Data           4  ethernet.o(.data)
    lwip_task_priopity_stack                 0x0003e0f4   Data           2  sys_arch.o(.data)
    __stdout                                 0x0003e0f8   Data           4  retarget.o(.data)
    msg_queue                                0x0003e0fc   Data           4  tls_sys.o(.data)
    g_u8ClientSendLen                        0x0003e120   Data           1  zc_hf_adpter.o(.data)
    g_u16TcpMss                              0x0003e128   Data           2  zc_hf_adpter.o(.data)
    g_u8EqVersion                            0x0003e12a   Data           4  zc_hf_adpter.o(.data)
    g_struTimermutex                         0x0003e130   Data           4  zc_hf_adpter.o(.data)
    g_u32BcSleepCount                        0x0003e134   Data           4  zc_hf_adpter.o(.data)
    g_u32session_id                          0x0003e138   Data           4  zc_hf_adpter.o(.data)
    g_u64Domain                              0x0003e140   Data           8  zc_hf_adpter.o(.data)
    g_u8ModuleKey                            0x0003e148   Data         112  zc_hf_adpter.o(.data)
    g_u8DeviceId                             0x0003e1b8   Data          16  zc_hf_adpter.o(.data)
    crc_ta_8                                 0x0003e1c8   Data        1024  crc.o(.data)
    crc_ta_4                                 0x0003e5c8   Data          64  crc.o(.data)
    g_Bcfd                                   0x0003e608   Data           4  zc_bc.o(.data)
    g_pu8RemoteAddr                          0x0003e60c   Data           4  zc_bc.o(.data)
    g_u32GloablIp                            0x0003e614   Data           4  zc_bc.o(.data)
    g_u8DefaultCloudKey                      0x0003e618   Data          36  zc_configuration.o(.data)
    g_u8DefaultTokenKey                      0x0003e63c   Data          16  zc_configuration.o(.data)
    g_u32CloudStatus                         0x0003e64c   Data           4  ac_hal.o(.data)
    g_u32WifiPowerStatus                     0x0003e650   Data           4  ac_hal.o(.data)
    wpa_s                                    0x0003e668   Data           4  wpa_supplicant.o(.data)
    supplicant_event_ops                     0x0003e674   Data          40  wpa_supplicant.o(.data)
    wif                                      0x0003e69c   Data           4  tls_wl_core.o(.data)
    hed_rf65_txgainmap                       0x0003e6a0   Data          32  tls_wl_rf65.o(.data)
    minus_Ileakage                           0x0003e6c0   Data           1  tls_wl_rf65.o(.data)
    sample_num                               0x0003e6c4   Data           4  tls_wl_rf65.o(.data)
    tx_rx                                    0x0003e6c8   Data           4  tls_wl_rf65.o(.data)
    LO_compensate_use                        0x0003e6cc   Data           4  tls_wl_rf65.o(.data)
    leakage_times                            0x0003e6d0   Data           4  tls_wl_rf65.o(.data)
    hed_rf65_current_channel                 0x0003e6d4   Data           4  tls_wl_rf65.o(.data)
    FFT_Data                                 0x0003e6d8   Data           4  tls_wl_rf65.o(.data)
    tempRev                                  0x0003e6dc   Data           4  tls_wl_rf65.o(.data)
    rf65_set_chan_common_data_20m            0x0003e6e0   Data          96  tls_wl_rf65.o(.data)
    rf65_set_chan_common_data_40m            0x0003e740   Data          96  tls_wl_rf65.o(.data)
    rf65_chan24g_20m                         0x0003e7a0   Data         180  tls_wl_rf65.o(.data)
    rf65_chan24g_40m                         0x0003e854   Data         180  tls_wl_rf65.o(.data)
    _set_chan_common_data_20mrf              0x0003e908   Data         100  tls_wl_rf65.o(.data)
    cos132                                   0x0003e96c   Data         128  tls_wl_rf65.o(.data)
    sin132                                   0x0003e9ec   Data         128  tls_wl_rf65.o(.data)
    rfc1042_header                           0x0003ea6c   Data           6  tls_wl_tx.o(.data)
    bridge_tunnel_header                     0x0003ea72   Data           6  tls_wl_tx.o(.data)
    g_wifi_data_recv_callback                0x0003ea78   Data           4  wm_wifi_api.o(.data)
    g_ltpt_testmode                          0x0003ea7c   Data           4  litepoint.o(.data)
    updp_mode                                0x0003ea88   Data           1  wm_param.o(.data)
    f_bss                                    0x0003ea90   Data           4  tls_wl_bss.o(.data)
    wl_region                                0x0003ea94   Data          24  tls_wl_hw.o(.data)
    band_2GHz                                0x0003eaac   Data          20  tls_wl_hw.o(.data)
    socket_cfg                               0x0003f948   Data          48  wm_cmdp.o(.bss)
    g_hostif_tx_msg                          0x0003f978   Data        1600  wm_cmdp_hostif.o(.bss)
    g_hostif_tx_event_msg                    0x0003ffb8   Data         400  wm_cmdp_hostif.o(.bss)
    g_hostif                                 0x00040148   Data          64  wm_cmdp_hostif.o(.bss)
    sockrecvmit                              0x00040188   Data          80  wm_cmdp_hostif.o(.bss)
    skt_desc_def                             0x000401d8   Data          76  wm_cmdp_hostif.o(.bss)
    skt_desc                                 0x00040224   Data          76  wm_cmdp_hostif.o(.bss)
    g_hspi                                   0x00040270   Data          20  wm_hspi_task.o(.bss)
    uart_st                                  0x00040284   Data         128  wm_uart_task.o(.bss)
    uart_net_send_data                       0x00040304   Data         512  wm_uart_task.o(.bss)
    ricmd_buffer                             0x00040504   Data         208  wm_uart_task.o(.bss)
    App_R_Queue                              0x000408bc   Data         128  main.o(.bss)
    AppTaskStk                               0x0004093c   Data         800  main.o(.bss)
    TaskStartStk                             0x00040c5c   Data        1200  wm_main.o(.bss)
    OSEventTbl                               0x0004110c   Data        1600  ucos_ii.o(.bss)
    OSTaskStatStk                            0x0004174c   Data         512  ucos_ii.o(.bss)
    OSTaskIdleStk                            0x0004194c   Data         512  ucos_ii.o(.bss)
    OSTCBPrioTbl                             0x00041b4c   Data         256  ucos_ii.o(.bss)
    OSTCBTbl                                 0x00041c4c   Data        2688  ucos_ii.o(.bss)
    OSQTbl                                   0x000426cc   Data         480  ucos_ii.o(.bss)
    OSTmrTbl                                 0x000428ac   Data         800  ucos_ii.o(.bss)
    OSTmrTaskStk                             0x00042bcc   Data         512  ucos_ii.o(.bss)
    OSTmrWheelTbl                            0x00042dcc   Data          64  ucos_ii.o(.bss)
    uart_port                                0x0004302c   Data         288  wm_uart.o(.bss)
    g_slave_hspi                             0x0004314c   Data          24  wm_hspi.o(.bss)
    intr_handler_vect                        0x00043164   Data         512  wm_irq.o(.bss)
    pwm_info                                 0x00043364   Data          96  wm_pwm.o(.bss)
    g_net_conn                               0x000433c4   Data        1040  tls_netconn.o(.bss)
    p_net_conn                               0x000437d4   Data          80  tls_netconn.o(.bss)
    dhcp_rx_options_val                      0x000438f8   Data          40  dhcp.o(.bss)
    dhcp_rx_options_given                    0x00043920   Data          10  dhcp.o(.bss)
    lwip_stats                               0x00043f90   Data         186  stats.o(.bss)
    netif_status_event                       0x0004414c   Data          12  ethernet.o(.bss)
    lwip_task_stk                            0x00044158   Data        4096  sys_arch.o(.bss)
    sys_task_stk                             0x000452d8   Data        1024  tls_sys.o(.bss)
    raw_socket_s_desc                        0x00047470   Data          76  user_main.o(.bss)
    g_struHfAdapter                          0x000474bc   Data          44  zc_hf_adpter.o(.bss)
    g_u8recvbuffer                           0x000474e8   Data        1000  zc_hf_adpter.o(.bss)
    g_struUartBuffer                         0x000478d0   Data        1008  zc_hf_adpter.o(.bss)
    g_struHfTimer                            0x00047cc0   Data          80  zc_hf_adpter.o(.bss)
    g_u8BcSendBuffer                         0x00047d10   Data         100  zc_hf_adpter.o(.bss)
    struRemoteAddr                           0x00047d74   Data          16  zc_hf_adpter.o(.bss)
    TaskHFCloudfuncStk                       0x00047d84   Data         800  zc_hf_adpter.o(.bss)
    TaskHFCloudRecvfuncStk                   0x000480a4   Data         800  zc_hf_adpter.o(.bss)
    g_struRecvBuffer                         0x000483c4   Data         608  zc_hf_adpter.o(.bss)
    g_struRetxBuffer                         0x00048624   Data         608  zc_hf_adpter.o(.bss)
    g_struClientBuffer                       0x00048884   Data         608  zc_hf_adpter.o(.bss)
    g_struRecvQueue                          0x00048ae4   Data          40  zc_hf_adpter.o(.bss)
    g_struSendBuffer                         0x00048b0c   Data        1824  zc_hf_adpter.o(.bss)
    g_struSendQueue                          0x0004922c   Data          40  zc_hf_adpter.o(.bss)
    g_u8MsgBuildBuffer                       0x00049254   Data         600  zc_hf_adpter.o(.bss)
    g_struClientInfo                         0x000494ac   Data          40  zc_client_manager.o(.bss)
    g_struZcConfigDb                         0x000494d4   Data         296  zc_configuration.o(.bss)
    g_struRegisterInfo                       0x000495fc   Data         140  zc_configuration.o(.bss)
    g_struProtocolController                 0x00049688   Data         136  zc_protocol_controller.o(.bss)
    g_struTimer                              0x00049710   Data          80  zc_timer.o(.bss)
    X                                        0x00049760   Data          88  bignum.o(.bss)
    Y                                        0x000497b8   Data          88  bignum.o(.bss)
    Z                                        0x00049810   Data          88  bignum.o(.bss)
    O_T1                                     0x00049868   Data          88  bignum.o(.bss)
    O_T2                                     0x000498c0   Data          88  bignum.o(.bss)
    O_RR                                     0x00049918   Data          88  bignum.o(.bss)
    O_T                                      0x00049970   Data          88  bignum.o(.bss)
    O_W                                      0x000499c8   Data        5632  bignum.o(.bss)
    g_u8DevMsgBuildBuffer                    0x0004afc8   Data         600  ac_hal.o(.bss)
    T                                        0x0004b220   Data          88  rsa2.o(.bss)
    T1                                       0x0004b278   Data          88  rsa2.o(.bss)
    T2                                       0x0004b2d0   Data          88  rsa2.o(.bss)
    buf                                      0x0004b328   Data          64  rsa2.o(.bss)
    supplicant_task_stk                      0x0004b3fc   Data        8192  wpa_supplicant.o(.bss)
    supplicant_timer_task_stk                0x0004d3fc   Data         512  wpa_supplicant.o(.bss)
    tx_gain_group                            0x0004d5fc   Data          29  tls_wl_core.o(.bss)
    scan_task_stk                            0x0004d61c   Data         800  tls_wl_core.o(.bss)
    mlme_task_stk                            0x0004d93c   Data        1200  tls_wl_core.o(.bss)
    txmgmt_cmpt_task_stk                     0x0004ddec   Data         512  tls_wl_core.o(.bss)
    rx_task_stk                              0x0004dfec   Data        1200  tls_wl_core.o(.bss)
    bss_mgmt_task_stk                        0x0004e49c   Data         512  tls_wl_core.o(.bss)
    rf65_cw_data                             0x0004e6a0   Data          96  tls_wl_rf65.o(.bss)
    avrg_atti_tx                             0x0004e700   Data          16  tls_wl_rf65.o(.bss)
    init_param_tmp                           0x0004e710   Data          20  tls_wl_rf65.o(.bss)
    g_wl_txbuf                               0x0004e724   Data         756  tls_wl_tx.o(.bss)
    g_wl_mgmt_txbuf                          0x0004ea18   Data         432  tls_wl_tx.o(.bss)
    g_ltpt_rxinfo                            0x0004ebec   Data          20  litepoint.o(.bss)
    g_ltpt_txinfo                            0x0004ec00   Data          28  litepoint.o(.bss)
    user_default_param                       0x0004f068   Data         540  wm_param.o(.bss)
    g_wl_rxbuf                               0x0004f284   Data         504  tls_wl_rx.o(.bss)
    _random_number_data                      0x0004fb08   Data         228  rand.o(.bss)



==============================================================================

Memory Map of the image

  Image Entry point : 0x00000400

  Load Region LR_ROM1 (Base: 0x00000400, Size: 0x0003ee18, Max: 0x0005f000, ABSOLUTE, COMPRESSED[0x0003e014])

    Execution Region ER_ROM1 (Base: 0x00000400, Size: 0x0003d4dc, Max: 0x0005f000, ABSOLUTE)

    Base Addr    Size         Type   Attr      Idx    E Section Name        Object

    0x00000400   0x000000ec   Code   RO          270  * RESET               start.o
    0x000004ec   0x00000008   Code   RO          575  * !!!main             c_5.l(__main.o)
    0x000004f4   0x0000003c   Code   RO          819    !!!scatter          c_5.l(__scatter.o)
    0x00000530   0x0000005c   Code   RO          818    !!dczerorl2         c_5.l(__dczerorl2.o)
    0x0000058c   0x00000028   Code   RO          820    !!handler_copy      c_5.l(__scatter_copy.o)
    0x000005b4   0x0000002c   Code   RO          821    !!handler_zi        c_5.l(__scatter_zi.o)
    0x000005e0   0x00000000   Code   RO          535    .ARM.Collect$$_printf_percent$$00000000  c_5.l(_printf_percent.o)
    0x000005e0   0x00000008   Code   RO          531    .ARM.Collect$$_printf_percent$$00000009  c_5.l(_printf_d.o)
    0x000005e8   0x00000008   Code   RO          532    .ARM.Collect$$_printf_percent$$0000000A  c_5.l(_printf_u.o)
    0x000005f0   0x00000008   Code   RO          527    .ARM.Collect$$_printf_percent$$0000000C  c_5.l(_printf_x.o)
    0x000005f8   0x00000008   Code   RO          524    .ARM.Collect$$_printf_percent$$00000013  c_5.l(_printf_c.o)
    0x00000600   0x00000008   Code   RO          525    .ARM.Collect$$_printf_percent$$00000014  c_5.l(_printf_s.o)
    0x00000608   0x00000008   Code   RO          633    .ARM.Collect$$_printf_percent$$00000017  c_5.l(_printf_percent_end.o)
    0x00000610   0x00000002   Code   RO          778    .ARM.Collect$$libinit$$00000000  c_5.l(libinit.o)
    0x00000612   0x00000000   Code   RO          647    .ARM.Collect$$libinit$$00000002  c_5.l(libinit2.o)
    0x00000612   0x00000008   Code   RO          648    .ARM.Collect$$libinit$$00000003  c_5.l(libinit2.o)
    0x0000061a   0x00000000   Code   RO          650    .ARM.Collect$$libinit$$00000008  c_5.l(libinit2.o)
    0x0000061a   0x00000000   Code   RO          652    .ARM.Collect$$libinit$$0000000A  c_5.l(libinit2.o)
    0x0000061a   0x00000004   Code   RO          653    .ARM.Collect$$libinit$$0000000B  c_5.l(libinit2.o)
    0x0000061e   0x00000000   Code   RO          654    .ARM.Collect$$libinit$$0000000C  c_5.l(libinit2.o)
    0x0000061e   0x00000006   Code   RO          655    .ARM.Collect$$libinit$$0000000D  c_5.l(libinit2.o)
    0x00000624   0x00000000   Code   RO          657    .ARM.Collect$$libinit$$0000000F  c_5.l(libinit2.o)
    0x00000624   0x0000000c   Code   RO          658    .ARM.Collect$$libinit$$00000010  c_5.l(libinit2.o)
    0x00000630   0x00000000   Code   RO          659    .ARM.Collect$$libinit$$00000011  c_5.l(libinit2.o)
    0x00000630   0x00000000   Code   RO          661    .ARM.Collect$$libinit$$00000013  c_5.l(libinit2.o)
    0x00000630   0x00000000   Code   RO          663    .ARM.Collect$$libinit$$00000015  c_5.l(libinit2.o)
    0x00000630   0x00000000   Code   RO          665    .ARM.Collect$$libinit$$00000017  c_5.l(libinit2.o)
    0x00000630   0x00000000   Code   RO          667    .ARM.Collect$$libinit$$00000019  c_5.l(libinit2.o)
    0x00000630   0x00000000   Code   RO          669    .ARM.Collect$$libinit$$0000001B  c_5.l(libinit2.o)
    0x00000630   0x00000000   Code   RO          671    .ARM.Collect$$libinit$$0000001D  c_5.l(libinit2.o)
    0x00000630   0x00000000   Code   RO          673    .ARM.Collect$$libinit$$0000001F  c_5.l(libinit2.o)
    0x00000630   0x00000000   Code   RO          675    .ARM.Collect$$libinit$$00000021  c_5.l(libinit2.o)
    0x00000630   0x00000000   Code   RO          677    .ARM.Collect$$libinit$$00000023  c_5.l(libinit2.o)
    0x00000630   0x00000000   Code   RO          681    .ARM.Collect$$libinit$$0000002A  c_5.l(libinit2.o)
    0x00000630   0x00000000   Code   RO          683    .ARM.Collect$$libinit$$0000002C  c_5.l(libinit2.o)
    0x00000630   0x00000000   Code   RO          685    .ARM.Collect$$libinit$$0000002E  c_5.l(libinit2.o)
    0x00000630   0x00000000   Code   RO          687    .ARM.Collect$$libinit$$00000030  c_5.l(libinit2.o)
    0x00000630   0x00000002   Code   RO          688    .ARM.Collect$$libinit$$00000031  c_5.l(libinit2.o)
    0x00000632   0x00000002   Code   RO          815    .ARM.Collect$$libshutdown$$00000000  c_5.l(libshutdown.o)
    0x00000634   0x00000000   Code   RO          788    .ARM.Collect$$libshutdown$$00000003  c_5.l(libshutdown2.o)
    0x00000634   0x00000000   Code   RO          791    .ARM.Collect$$libshutdown$$00000006  c_5.l(libshutdown2.o)
    0x00000634   0x00000000   Code   RO          794    .ARM.Collect$$libshutdown$$00000009  c_5.l(libshutdown2.o)
    0x00000634   0x00000000   Code   RO          796    .ARM.Collect$$libshutdown$$0000000B  c_5.l(libshutdown2.o)
    0x00000634   0x00000000   Code   RO          799    .ARM.Collect$$libshutdown$$0000000E  c_5.l(libshutdown2.o)
    0x00000634   0x00000002   Code   RO          800    .ARM.Collect$$libshutdown$$0000000F  c_5.l(libshutdown2.o)
    0x00000636   0x00000002   PAD
    0x00000638   0x00000000   Code   RO          598    .ARM.Collect$$rtentry$$00000000  c_5.l(rtentry.o)
    0x00000638   0x00000000   Code   RO          709    .ARM.Collect$$rtentry$$00000002  c_5.l(rtentry2.o)
    0x00000638   0x00000008   Code   RO          721    .ARM.Collect$$rtentry$$00000004  c_5.l(rtentry4.o)
    0x00000640   0x00000000   Code   RO          711    .ARM.Collect$$rtentry$$00000009  c_5.l(rtentry2.o)
    0x00000640   0x00000004   Code   RO          712    .ARM.Collect$$rtentry$$0000000A  c_5.l(rtentry2.o)
    0x00000644   0x00000000   Code   RO          714    .ARM.Collect$$rtentry$$0000000C  c_5.l(rtentry2.o)
    0x00000644   0x00000028   Code   RO          715    .ARM.Collect$$rtentry$$0000000D  c_5.l(rtentry2.o)
    0x0000066c   0x00000004   Code   RO          780    .ARM.Collect$$rtexit$$00000000  c_5.l(rtexit.o)
    0x00000670   0x00000000   Code   RO          802    .ARM.Collect$$rtexit$$00000002  c_5.l(rtexit2.o)
    0x00000670   0x00000004   Code   RO          803    .ARM.Collect$$rtexit$$00000003  c_5.l(rtexit2.o)
    0x00000674   0x00000008   Code   RO          804    .ARM.Collect$$rtexit$$00000004  c_5.l(rtexit2.o)
    0x0000067c   0x00000038   Code   RO          542    .emb_text           c_5.l(rand.o)
    0x000006b4   0x00000000   Code   RO          728    .emb_text           c_5.l(maybetermalloc1.o)
    0x000006b4   0x0000081c   Code   RO            7    .text               dhcp_server.o
    0x00000ed0   0x00000350   Code   RO            9    .text               dns_server.o
    0x00001220   0x00001234   Code   RO           11    .text               httpclient.o
    0x00002454   0x00000250   Code   RO           13    .text               httpclientstring.o
    0x000026a4   0x000001d6   Code   RO           14    .text               httpclientwrapper.o
    0x0000287a   0x00000002   PAD
    0x0000287c   0x00000368   Code   RO           15    .text               wm_httpclient_task.o
    0x00002be4   0x00000c94   Code   RO           18    .text               wm_cmdp.o
    0x00003878   0x00003360   Code   RO           21    .text               wm_cmdp_at.o
    0x00006bd8   0x00000fac   Code   RO           27    .text               wm_cmdp_hostif.o
    0x00007b84   0x000011a0   Code   RO           30    .text               wm_cmdp_ri.o
    0x00008d24   0x00000508   Code   RO           32    .text               wm_hspi_task.o
    0x0000922c   0x00000f1c   Code   RO           34    .text               wm_uart_task.o
    0x0000a148   0x00000070   Code   RO           38    .text               wm_uart_timer.o
    0x0000a1b8   0x00000130   Code   RO           39    .text               wm_cmdp_oneshot_task.o
    0x0000a2e8   0x00000f38   Code   RO           41    .text               wm_wifi_oneshot.o
    0x0000b220   0x00000128   Code   RO          139    .text               main.o
    0x0000b348   0x00000114   Code   RO          142    .text               wm_main.o
    0x0000b45c   0x00000050   Code   RO          149    .text               clock.o
    0x0000b4ac   0x00001970   Code   RO          150    .text               ucos_ii.o
    0x0000ce1c   0x000000e0   Code   RO          154    .text               os_cpu_c.o
    0x0000cefc   0x00000e78   Code   RO          160    .text               wm_hostspi.o
    0x0000dd74   0x00000048   Code   RO          163    .text               wm_timer.o
    0x0000ddbc   0x00000848   Code   RO          164    .text               wm_uart.o
    0x0000e604   0x00000128   Code   RO          171    .text               wm_dma.o
    0x0000e72c   0x00000060   Code   RO          173    .text               wm_efuse.o
    0x0000e78c   0x00000590   Code   RO          174    .text               wm_fls.o
    0x0000ed1c   0x0000024c   Code   RO          176    .text               wm_fls_gd25qxx.o
    0x0000ef68   0x00000250   Code   RO          178    .text               wm_gpio.o
    0x0000f1b8   0x00000360   Code   RO          179    .text               wm_hspi.o
    0x0000f518   0x00000090   Code   RO          181    .text               wm_cpu.o
    0x0000f5a8   0x00000244   Code   RO          182    .text               wm_irq.o
    0x0000f7ec   0x000001e4   Code   RO          188    .text               wm_pwm.o
    0x0000f9d0   0x000000ac   Code   RO          192    .text               tls_sockets.o
    0x0000fa7c   0x00000ca8   Code   RO          193    .text               tls_netconn.o
    0x00010724   0x000002d0   Code   RO          197    .text               tcpip.o
    0x000109f4   0x00000470   Code   RO          199    .text               api_lib.o
    0x00010e64   0x00000c64   Code   RO          200    .text               api_msg.o
    0x00011ac8   0x00000110   Code   RO          201    .text               netbuf.o
    0x00011bd8   0x000001cc   Code   RO          202    .text               netdb.o
    0x00011da4   0x000000cc   Code   RO          205    .text               netifapi.o
    0x00011e70   0x00000fc0   Code   RO          206    .text               sockets.o
    0x00012e30   0x00000028   Code   RO          210    .text               def.o
    0x00012e58   0x00000d30   Code   RO          211    .text               dhcp.o
    0x00013b88   0x000004f8   Code   RO          214    .text               dns.o
    0x00014080   0x00000024   Code   RO          217    .text               init.o
    0x000140a4   0x00000218   Code   RO          219    .text               netif.o
    0x000142bc   0x000005b0   Code   RO          221    .text               pbuf.o
    0x0001486c   0x00000188   Code   RO          223    .text               raw.o
    0x000149f4   0x00000002   Code   RO          225    .text               stats.o
    0x000149f6   0x00000002   PAD
    0x000149f8   0x00000b78   Code   RO          228    .text               tcp.o
    0x00015570   0x000011ac   Code   RO          232    .text               tcp_in.o
    0x0001671c   0x00000d70   Code   RO          235    .text               tcp_out.o
    0x0001748c   0x00000234   Code   RO          236    .text               timers.o
    0x000176c0   0x000004d8   Code   RO          239    .text               udp.o
    0x00017b98   0x0000021c   Code   RO          241    .text               icmp.o
    0x00017db4   0x0000020c   Code   RO          242    .text               inet_chksum.o
    0x00017fc0   0x00000398   Code   RO          243    .text               ip.o
    0x00018358   0x000001f0   Code   RO          245    .text               ip_addr.o
    0x00018548   0x0000068c   Code   RO          249    .text               ip_frag.o
    0x00018bd4   0x00000760   Code   RO          251    .text               etharp.o
    0x00019334   0x000000fc   Code   RO          255    .text               ethernetif.o
    0x00019430   0x00000264   Code   RO          256    .text               ethernet.o
    0x00019694   0x000002d0   Code   RO          259    .text               sys_arch.o
    0x00019964   0x00000008   Ven    RO          263    .text               retarget.o
    0x0001996c   0x00000048   Code   RO          263    .text               retarget.o
    0x000199b4   0x00000024   Code   RO          271    .text               start.o
    0x000199d8   0x000002fc   Code   RO          272    .text               tls_sys.o
    0x00019cd4   0x00000054   Code   RO          275    .text               wm_mem.o
    0x00019d28   0x000007f0   Code   RO          276    .text               utils.o
    0x0001a518   0x00000788   Code   RO          279    .text               wm_fwup.o
    0x0001aca0   0x00000758   Code   RO          284    .text               user_main.o
    0x0001b3f8   0x00000aa0   Code   RO          288    .text               zc_hf_adpter.o
    0x0001be98   0x000000a8   Code   RO          300    .text               crc.o
    0x0001bf40   0x000000e8   Code   RO          302    .text               zc_bc.o
    0x0001c028   0x000002c4   Code   RO          304    .text               zc_client_manager.o
    0x0001c2ec   0x000001bc   Code   RO          306    .text               zc_cloud_event.o
    0x0001c4a8   0x00000148   Code   RO          307    .text               zc_common.o
    0x0001c5f0   0x00000244   Code   RO          308    .text               zc_configuration.o
    0x0001c834   0x00000258   Code   RO          311    .text               zc_message_queue.o
    0x0001ca8c   0x000003f0   Code   RO          312    .text               zc_moudle_manager.o
    0x0001ce7c   0x00000c38   Code   RO          313    .text               zc_protocol_controller.o
    0x0001dab4   0x00000440   Code   RO          315    .text               zc_sec_engine.o
    0x0001def4   0x000000f8   Code   RO          317    .text               zc_timer.o
    0x0001dfec   0x00002234   Code   RO          319    .text               bignum.o
    0x00020220   0x000001e8   Code   RO          322    .text               aes_cbc.o
    0x00020408   0x00000af0   Code   RO          323    .text               aes_core.o
    0x00020ef8   0x000001c8   Code   RO          325    .text               ac_api.o
    0x000210c0   0x000001a8   Code   RO          326    .text               ac_hal.o
    0x00021268   0x0000032c   Code   RO          329    .text               rsa2.o
    0x00021594   0x000009c4   Code   RO          331    .text               wifi.lib(aesMatrix.o)
    0x00021f58   0x0000094c   Code   RO          335    .text               wifi.lib(md5.o)
    0x000228a4   0x0000016c   Code   RO          336    .text               wifi.lib(random.o)
    0x00022a10   0x00000102   Code   RO          340    .text               wifi.lib(rc4.o)
    0x00022b12   0x00000002   PAD
    0x00022b14   0x00001258   Code   RO          341    .text               wifi.lib(sha1_internal.o)
    0x00023d6c   0x000015ba   Code   RO          344    .text               wifi.lib(wpa_supplicant.o)
    0x00025326   0x00000002   PAD
    0x00025328   0x00000688   Code   RO          348    .text               wifi.lib(tls_wl_core.o)
    0x000259b0   0x0000093a   Code   RO          353    .text               wifi.lib(tls_wl_if.o)
    0x000262ea   0x00000002   PAD
    0x000262ec   0x00000f78   Code   RO          354    .text               wifi.lib(tls_wl_rf65.o)
    0x00027264   0x00000ca0   Code   RO          369    .text               wifi.lib(tls_wl_tx.o)
    0x00027f04   0x00000424   Code   RO          372    .text               wifi.lib(tls_wl_util.o)
    0x00028328   0x000007f4   Code   RO          374    .text               wifi.lib(wm_wifi_api.o)
    0x00028b1c   0x0000026c   Code   RO          376    .text               wifi.lib(litepoint.o)
    0x00028d88   0x00000b94   Code   RO          381    .text               wifi.lib(wm_param.o)
    0x0002991c   0x000004b2   Code   RO          385    .text               wifi.lib(ap.o)
    0x00029dce   0x00000288   Code   RO          387    .text               wifi.lib(bss.o)
    0x0002a056   0x00000002   PAD
    0x0002a058   0x00000cc0   Code   RO          388    .text               wifi.lib(events.o)
    0x0002ad18   0x000000a8   Code   RO          389    .text               wifi.lib(ieee802_1x.o)
    0x0002adc0   0x00000a74   Code   RO          390    .text               wifi.lib(ieee802_11.o)
    0x0002b834   0x0000006e   Code   RO          391    .text               wifi.lib(os_internal.o)
    0x0002b8a2   0x00000232   Code   RO          392    .text               wifi.lib(scan.o)
    0x0002bad4   0x0000016c   Code   RO          393    .text               wifi.lib(sha1.o)
    0x0002bc40   0x000000e0   Code   RO          394    .text               wifi.lib(sha1-pbkdf2.o)
    0x0002bd20   0x000000e4   Code   RO          395    .text               wifi.lib(tkip_countermeasures.o)
    0x0002be04   0x0000107c   Code   RO          396    .text               wifi.lib(wpa.o)
    0x0002ce80   0x00000440   Code   RO          398    .text               wifi.lib(wpa_driver.o)
    0x0002d2c0   0x00000394   Code   RO          399    .text               wifi.lib(wpa_ie.o)
    0x0002d654   0x00000132   Code   RO          400    .text               wifi.lib(wpabuf.o)
    0x0002d786   0x00000138   Code   RO          401    .text               wifi.lib(wpas_glue.o)
    0x0002d8be   0x00000002   PAD
    0x0002d8c0   0x00000644   Code   RO          402    .text               wifi.lib(tls_wl_bss.o)
    0x0002df04   0x00000b64   Code   RO          404    .text               wifi.lib(tls_wl_hw.o)
    0x0002ea68   0x00000368   Code   RO          408    .text               wifi.lib(tls_wl_key.o)
    0x0002edd0   0x00000a14   Code   RO          409    .text               wifi.lib(tls_wl_mgmt.o)
    0x0002f7e4   0x00001216   Code   RO          410    .text               wifi.lib(tls_wl_mlme.o)
    0x000309fa   0x00000002   PAD
    0x000309fc   0x0000002c   Code   RO          411    .text               wifi.lib(tls_wl_phy.o)
    0x00030a28   0x000006d4   Code   RO          413    .text               wifi.lib(tls_wl_rc.o)
    0x000310fc   0x00000e4a   Code   RO          415    .text               wifi.lib(tls_wl_rx.o)
    0x00031f46   0x00000002   PAD
    0x00031f48   0x00000338   Code   RO          418    .text               wifi.lib(tls_wl_scan.o)
    0x00032280   0x00000278   Code   RO          419    .text               wifi.lib(tls_wl_sta_info.o)
    0x000324f8   0x000000ac   Code   RO          420    .text               wifi.lib(aes_unwrap.o)
    0x000325a4   0x00000038   Code   RO          421    .text               wifi.lib(ap_mlme.o)
    0x000325dc   0x000004ca   Code   RO          422    .text               wifi.lib(beacon.o)
    0x00032aa6   0x00000002   PAD
    0x00032aa8   0x00000130   Code   RO          423    .text               wifi.lib(common.o)
    0x00032bd8   0x0000030c   Code   RO          425    .text               wifi.lib(hostapd.o)
    0x00032ee4   0x000002ac   Code   RO          427    .text               wifi.lib(ieee802_11_common.o)
    0x00033190   0x000004b0   Code   RO          428    .text               wifi.lib(hostapd_sta_info.o)
    0x00033640   0x000016e8   Code   RO          429    .text               wifi.lib(wpa_auth.o)
    0x00034d28   0x0000062c   Code   RO          431    .text               wifi.lib(wpa_auth_ie.o)
    0x00035354   0x00000524   Code   RO          432    .text               wifi.lib(wpa_common.o)
    0x00035878   0x00000218   Code   RO          433    .text               wifi.lib(hostapd_wpa_driver.o)
    0x00035a90   0x0000069c   Code   RO          434    .text               wifi.lib(wm_wifi_oneshot_api.o)
    0x0003612c   0x0000009a   Code   RO          437    .text               wifi.lib(aes_wrap.o)
    0x000361c6   0x00000002   PAD
    0x000361c8   0x000000c0   Code   RO          438    .text               wifi.lib(wpa_auth_glue.o)
    0x00036288   0x00000014   Code   RO          441    .text               c_5.l(rt_ctype_table.o)
    0x0003629c   0x0000009a   Code   RO          449    .text               c_5.l(h1_alloc_mt.o)
    0x00036336   0x00000074   Code   RO          450    .text               c_5.l(h1_free_mt.o)
    0x000363aa   0x000000dc   Code   RO          451    .text               c_5.l(h1_realloc_mt.o)
    0x00036486   0x00000002   PAD
    0x00036488   0x00000050   Code   RO          478    .text               c_5.l(llsdiv.o)
    0x000364d8   0x0000001a   Code   RO          479    .text               c_5.l(tolower.o)
    0x000364f2   0x0000001e   Code   RO          480    .text               c_5.l(toupper.o)
    0x00036510   0x0000001c   Code   RO          481    .text               c_5.l(__2printf.o)
    0x0003652c   0x0000002c   Code   RO          482    .text               c_5.l(__2sprintf.o)
    0x00036558   0x0000004e   Code   RO          488    .text               c_5.l(_printf_pad.o)
    0x000365a6   0x00000052   Code   RO          490    .text               c_5.l(_printf_str.o)
    0x000365f8   0x00000008   Ven    RO          491    .text               c_5.l(_printf_dec.o)
    0x00036600   0x0000006c   Code   RO          491    .text               c_5.l(_printf_dec.o)
    0x0003666c   0x00000008   Ven    RO          506    .text               c_5.l(_printf_hex_int_ptr.o)
    0x00036674   0x00000084   Code   RO          506    .text               c_5.l(_printf_hex_int_ptr.o)
    0x000366f8   0x00000188   Code   RO          522    .text               c_5.l(__printf_flags_ss_wp.o)
    0x00036880   0x00000040   Code   RO          537    .text               c_5.l(__0sscanf.o)
    0x000368c0   0x0000014a   Code   RO          538    .text               c_5.l(_scanf_int.o)
    0x00036a0a   0x000000e4   Code   RO          539    .text               c_5.l(_scanf_str.o)
    0x00036aee   0x0000001a   Code   RO          540    .text               c_5.l(atoi.o)
    0x00036b08   0x0000001a   Code   RO          541    .text               c_5.l(atol.o)
    0x00036b22   0x00000002   PAD
    0x00036b24   0x00000040   Code   RO          543    .text               c_5.l(rand.o)
    0x00036b64   0x00000016   Code   RO          546    .text               c_5.l(strchr.o)
    0x00036b7a   0x00000028   Code   RO          547    .text               c_5.l(strstr.o)
    0x00036ba2   0x00000074   Code   RO          548    .text               c_5.l(memcmp.o)
    0x00036c16   0x00000002   PAD
    0x00036c18   0x0000004c   Code   RO          549    .text               c_5.l(strcpy.o)
    0x00036c64   0x00000044   Code   RO          551    .text               c_5.l(strlen.o)
    0x00036ca8   0x00000018   Code   RO          552    .text               c_5.l(memchr.o)
    0x00036cc0   0x00000018   Code   RO          554    .text               c_5.l(strcat.o)
    0x00036cd8   0x000000d4   Code   RO          555    .text               c_5.l(rt_memcpy.o)
    0x00036dac   0x00000064   Code   RO          557    .text               c_5.l(rt_memcpy_w.o)
    0x00036e10   0x00000010   Code   RO          559    .text               c_5.l(aeabi_memset.o)
    0x00036e20   0x00000040   Code   RO          560    .text               c_5.l(rt_memclr.o)
    0x00036e60   0x00000054   Code   RO          561    .text               c_5.l(rt_memclr_w.o)
    0x00036eb4   0x0000006c   Code   RO          562    .text               c_5.l(strncpy.o)
    0x00036f20   0x000000a0   Code   RO          563    .text               c_5.l(strcmp.o)
    0x00036fc0   0x00000020   Code   RO          564    .text               c_5.l(uread4.o)
    0x00036fe0   0x00000020   Code   RO          565    .text               c_5.l(uwrite4.o)
    0x00037000   0x0000017c   Code   RO          566    .text               c_5.l(aeabi_sdiv.o)
    0x0003717c   0x00000006   Code   RO          574    .text               c_5.l(heapauxi.o)
    0x00037182   0x00000002   PAD
    0x00037184   0x00000010   Code   RO          604    .text               c_5.l(rt_heap_descriptor_onelibspace.o)
    0x00037194   0x00000010   Code   RO          608    .text               c_5.l(rt_locale_onelibspace.o)
    0x000371a4   0x00000004   Code   RO          612    .text               c_5.l(rt_errno_addr_onelibspace.o)
    0x000371a8   0x00000004   Code   RO          613    .text               c_5.l(hguard.o)
    0x000371ac   0x00000088   Code   RO          614    .text               c_5.l(init_alloc.o)
    0x00037234   0x00000016   Code   RO          617    .text               c_5.l(h1_init_mt.o)
    0x0003724a   0x00000002   PAD
    0x0003724c   0x000002f0   Code   RO          623    .text               c_5.l(lludiv5.o)
    0x0003753c   0x000000b0   Code   RO          625    .text               c_5.l(_printf_intcommon.o)
    0x000375ec   0x00000030   Code   RO          627    .text               c_5.l(_printf_char_common.o)
    0x0003761c   0x0000000a   Code   RO          628    .text               c_5.l(_sputc.o)
    0x00037626   0x00000002   PAD
    0x00037628   0x00000008   Ven    RO          630    .text               c_5.l(_printf_char.o)
    0x00037630   0x0000002e   Code   RO          630    .text               c_5.l(_printf_char.o)
    0x0003765e   0x00000002   PAD
    0x00037660   0x00000028   Code   RO          631    .text               c_5.l(_printf_char_file.o)
    0x00037688   0x0000001e   Code   RO          635    .text               c_5.l(_chval.o)
    0x000376a6   0x00000002   PAD
    0x000376a8   0x00000030   Code   RO          636    .text               c_5.l(scanf_char.o)
    0x000376d8   0x00000044   Code   RO          637    .text               c_5.l(_sgetc.o)
    0x0003771c   0x00000070   Code   RO          638    .text               c_5.l(strtol.o)
    0x0003778c   0x0000002c   Code   RO          644    .text               c_5.l(rtudiv10.o)
    0x000377b8   0x00000036   Code   RO          731    .text               c_5.l(h1_extend_mt.o)
    0x000377ee   0x00000012   Code   RO          733    .text               c_5.l(isspace.o)
    0x00037800   0x0000039c   Code   RO          736    .text               c_5.l(_scanf.o)
    0x00037b9c   0x000000a8   Code   RO          737    .text               c_5.l(_strtoul.o)
    0x00037c44   0x0000000c   Code   RO          753    .text               c_5.l(defsig_exit.o)
    0x00037c50   0x0000000c   Code   RO          755    .text               c_5.l(defsig_rtmem_outer.o)
    0x00037c5c   0x0000000c   Code   RO          767    .text               c_5.l(exit.o)
    0x00037c68   0x00000034   Code   RO          769    .text               c_5.l(defsig_general.o)
    0x00037c9c   0x00000050   Code   RO          772    .text               c_5.l(defsig_rtmem_inner.o)
    0x00037cec   0x00000024   Code   RO          567    .text_udiv          c_5.l(aeabi_sdiv.o)
    0x00037d10   0x00000080   Code   RO          267    InitMPU             mpu.o
    0x00037d90   0x0000020c   Code   RO          156    UCOS_ARM            os_cpu_a.o
    0x00037f9c   0x00000008   Ven    RO          826    Veneer$$Code        anon$$obj.o
    0x00037fa4   0x0000000c   Code   RO          368    i.__ARM_common_ll_mulss  wifi.lib(tls_wl_rf65.o)
    0x00037fb0   0x00000018   Code   RO           26    i.__ARM_common_switch8  wm_cmdp_at.o
    0x00037fc8   0x0000000e   Code   RO          518    i._is_digit         c_5.l(__printf_wp.o)
    0x00037fd6   0x00000002   PAD
    0x00037fd8   0x00000048   Code   RO          641    locale$$code        c_5.l(lc_ctype_c.o)
    0x00038020   0x00000010   Code   RO          689    x$fpl$dcheck1       fz_5s.l(dcheck1.o)
    0x00038030   0x00000070   Code   RO          579    x$fpl$dfix          fz_5s.l(dfix.o)
    0x000380a0   0x00000034   Code   RO          582    x$fpl$dflt          fz_5s.l(dflt_clz.o)
    0x000380d4   0x000000b8   Code   RO          693    x$fpl$dnaninf       fz_5s.l(dnaninf.o)
    0x0003818c   0x00000074   Code   RO          763    x$fpl$retnan        fz_5s.l(retnan.o)
    0x00038200   0x00000068   Code   RO          589    x$fpl$scalbn        fz_5s.l(scalbn.o)
    0x00038268   0x0000003c   Code   RO          779    x$fpl$trapveneer    fz_5s.l(trapv.o)
    0x000382a4   0x00000000   Code   RO          696    x$fpl$usenofp       fz_5s.l(usenofp.o)
    0x000382a4   0x00000010   Data   RO           12    .constdata          httpclient.o
    0x000382b4   0x000000dd   Data   RO           22    .constdata          wm_cmdp_at.o
    0x00038391   0x00000014   Data   RO           36    .constdata          wm_uart_task.o
    0x000383a5   0x00000004   Data   RO          144    .constdata          wm_main.o
    0x000383a9   0x00000006   Data   RO          145    .constdata          wm_main.o
    0x000383af   0x00000100   Data   RO          152    .constdata          ucos_ii.o
    0x000384af   0x00000001   PAD
    0x000384b0   0x00000088   Data   RO          166    .constdata          wm_uart.o
    0x00038538   0x00000004   Data   RO          195    .constdata          tls_netconn.o
    0x0003853c   0x00000040   Data   RO          208    .constdata          sockets.o
    0x0003857c   0x0000001e   Data   RO          218    .constdata          memp.o
    0x0003859a   0x00000002   PAD
    0x0003859c   0x00000054   Data   RO          229    .constdata          tcp.o
    0x000385f0   0x00000004   Data   RO          247    .constdata          ip_addr.o
    0x000385f4   0x00000004   Data   RO          248    .constdata          ip_addr.o
    0x000385f8   0x0000000c   Data   RO          253    .constdata          etharp.o
    0x00038604   0x00000100   Data   RO          277    .constdata          utils.o
    0x00038704   0x0000004f   Data   RO          316    .constdata          zc_sec_engine.o
    0x00038753   0x00000001   PAD
    0x00038754   0x000002a0   Data   RO          321    .constdata          bignum.o
    0x000389f4   0x00002828   Data   RO          324    .constdata          aes_core.o
    0x0003b21c   0x00001038   Data   RO          332    .constdata          wifi.lib(aesMatrix.o)
    0x0003c254   0x00000020   Data   RO          338    .constdata          wifi.lib(random.o)
    0x0003c274   0x00000006   Data   RO          351    .constdata          wifi.lib(tls_wl_core.o)
    0x0003c27a   0x00000002   PAD
    0x0003c27c   0x00001078   Data   RO          358    .constdata          wifi.lib(tls_wl_rf65.o)
    0x0003d2f4   0x00000008   Data   RO          383    .constdata          wifi.lib(wm_param.o)
    0x0003d2fc   0x00000090   Data   RO          386    .constdata          wifi.lib(ap.o)
    0x0003d38c   0x000000b0   Data   RO          397    .constdata          wifi.lib(wpa.o)
    0x0003d43c   0x00000050   Data   RO          412    .constdata          wifi.lib(tls_wl_phy.o)
    0x0003d48c   0x00000006   Data   RO          417    .constdata          wifi.lib(tls_wl_rx.o)
    0x0003d492   0x00000002   PAD
    0x0003d494   0x00000068   Data   RO          426    .constdata          wifi.lib(hostapd.o)
    0x0003d4fc   0x00000028   Data   RO          507    .constdata          c_5.l(_printf_hex_int_ptr.o)
    0x0003d524   0x00000011   Data   RO          523    .constdata          c_5.l(__printf_flags_ss_wp.o)
    0x0003d535   0x000001fc   Data   RO           23    .conststring        wm_cmdp_at.o
    0x0003d731   0x00000068   Data   RO          230    .conststring        tcp.o
    0x0003d799   0x00000003   PAD
    0x0003d79c   0x00000030   Data   RO          816    Region$$Table       anon$$obj.o
    0x0003d7cc   0x00000110   Data   RO          640    locale$$data        c_5.l(lc_ctype_c.o)


    Execution Region RW_RAM1 (Base: 0x0003d8dc, Size: 0x00012310, Max: 0xffffffff, ABSOLUTE, COMPRESSED[0x00000b38])

    Base Addr    Size         Type   Attr      Idx    E Section Name        Object

    0x0003d8dc   0x00000004   Data   RW           17    .data               wm_httpclient_task.o
    0x0003d8e0   0x00000018   Data   RW           20    .data               wm_cmdp.o
    0x0003d8f8   0x0000043c   Data   RW           24    .data               wm_cmdp_at.o
    0x0003dd34   0x00000008   Data   RW           29    .data               wm_cmdp_hostif.o
    0x0003dd3c   0x000001a8   Data   RW           31    .data               wm_cmdp_ri.o
    0x0003dee4   0x00000008   Data   RW           37    .data               wm_uart_task.o
    0x0003deec   0x00000010   Data   RW           40    .data               wm_cmdp_oneshot_task.o
    0x0003defc   0x0000005c   Data   RW           43    .data               wm_wifi_oneshot.o
    0x0003df58   0x00000004   Data   RW          141    .data               main.o
    0x0003df5c   0x00000008   Data   RW          148    .data               wm_main.o
    0x0003df64   0x00000054   Data   RW          153    .data               ucos_ii.o
    0x0003dfb8   0x00000002   Data   RW          155    .data               os_cpu_c.o
    0x0003dfba   0x00000002   PAD
    0x0003dfbc   0x00000004   Data   RW          162    .data               wm_hostspi.o
    0x0003dfc0   0x00000004   Data   RW          167    .data               wm_uart.o
    0x0003dfc4   0x00000008   Data   RW          172    .data               wm_dma.o
    0x0003dfcc   0x00000010   Data   RW          175    .data               wm_fls.o
    0x0003dfdc   0x00000044   Data   RW          177    .data               wm_fls_gd25qxx.o
    0x0003e020   0x00000001   Data   RW          184    .data               wm_irq.o
    0x0003e021   0x00000006   Data   RW          190    .data               wm_pwm.o
    0x0003e027   0x00000001   PAD
    0x0003e028   0x00000004   Data   RW          196    .data               tls_netconn.o
    0x0003e02c   0x0000000c   Data   RW          198    .data               tcpip.o
    0x0003e038   0x00000014   Data   RW          204    .data               netdb.o
    0x0003e04c   0x00000008   Data   RW          209    .data               sockets.o
    0x0003e054   0x00000004   Data   RW          213    .data               dhcp.o
    0x0003e058   0x00000014   Data   RW          216    .data               dns.o
    0x0003e06c   0x0000000c   Data   RW          220    .data               netif.o
    0x0003e078   0x00000001   Data   RW          222    .data               pbuf.o
    0x0003e079   0x00000003   PAD
    0x0003e07c   0x00000004   Data   RW          224    .data               raw.o
    0x0003e080   0x00000024   Data   RW          231    .data               tcp.o
    0x0003e0a4   0x0000001c   Data   RW          234    .data               tcp_in.o
    0x0003e0c0   0x00000004   Data   RW          238    .data               timers.o
    0x0003e0c4   0x00000008   Data   RW          240    .data               udp.o
    0x0003e0cc   0x00000014   Data   RW          244    .data               ip.o
    0x0003e0e0   0x00000008   Data   RW          250    .data               ip_frag.o
    0x0003e0e8   0x00000001   Data   RW          254    .data               etharp.o
    0x0003e0e9   0x00000003   PAD
    0x0003e0ec   0x00000008   Data   RW          258    .data               ethernet.o
    0x0003e0f4   0x00000002   Data   RW          262    .data               sys_arch.o
    0x0003e0f6   0x00000002   PAD
    0x0003e0f8   0x00000004   Data   RW          265    .data               retarget.o
    0x0003e0fc   0x00000004   Data   RW          274    .data               tls_sys.o
    0x0003e100   0x00000008   Data   RW          278    .data               utils.o
    0x0003e108   0x0000000c   Data   RW          281    .data               wm_fwup.o
    0x0003e114   0x0000000c   Data   RW          286    .data               user_main.o
    0x0003e120   0x00000001   Data   RW          297    .data               zc_hf_adpter.o
    0x0003e121   0x00000007   PAD
    0x0003e128   0x000000a0   Data   RW          298    .data               zc_hf_adpter.o
    0x0003e1c8   0x00000440   Data   RW          301    .data               crc.o
    0x0003e608   0x00000010   Data   RW          303    .data               zc_bc.o
    0x0003e618   0x00000034   Data   RW          310    .data               zc_configuration.o
    0x0003e64c   0x00000008   Data   RW          328    .data               ac_hal.o
    0x0003e654   0x00000014   Data   RW          339    .data               wifi.lib(random.o)
    0x0003e668   0x00000034   Data   RW          347    .data               wifi.lib(wpa_supplicant.o)
    0x0003e69c   0x00000004   Data   RW          352    .data               wifi.lib(tls_wl_core.o)
    0x0003e6a0   0x00000020   Data   RW          359    .data               wifi.lib(tls_wl_rf65.o)
    0x0003e6c0   0x000003ac   Data   RW          360    .data               wifi.lib(tls_wl_rf65.o)
    0x0003ea6c   0x0000000c   Data   RW          371    .data               wifi.lib(tls_wl_tx.o)
    0x0003ea78   0x00000004   Data   RW          375    .data               wifi.lib(wm_wifi_api.o)
    0x0003ea7c   0x00000004   Data   RW          379    .data               wifi.lib(litepoint.o)
    0x0003ea80   0x00000008   Data   RW          380    .data               wifi.lib(litepoint.o)
    0x0003ea88   0x00000008   Data   RW          384    .data               wifi.lib(wm_param.o)
    0x0003ea90   0x00000004   Data   RW          403    .data               wifi.lib(tls_wl_bss.o)
    0x0003ea94   0x0000002c   Data   RW          405    .data               wifi.lib(tls_wl_hw.o)
    0x0003eac0   0x00000060   Data   RW          406    .data               wifi.lib(tls_wl_hw.o)
    0x0003eb20   0x000000a8   Data   RW          407    .data               wifi.lib(tls_wl_hw.o)
    0x0003ebc8   0x00000630   Data   RW          414    .data               wifi.lib(tls_wl_rc.o)
    0x0003f1f8   0x00000020   Data   RW          436    .data               wifi.lib(wm_wifi_oneshot_api.o)
    0x0003f218   0x00000308   Zero   RW            8    .bss                dhcp_server.o
    0x0003f520   0x00000028   Zero   RW           10    .bss                dns_server.o
    0x0003f548   0x00000400   Zero   RW           16    .bss                wm_httpclient_task.o
    0x0003f948   0x00000030   Zero   RW           19    .bss                wm_cmdp.o
    0x0003f978   0x000008f8   Zero   RW           28    .bss                wm_cmdp_hostif.o
    0x00040270   0x00000014   Zero   RW           33    .bss                wm_hspi_task.o
    0x00040284   0x00000350   Zero   RW           35    .bss                wm_uart_task.o
    0x000405d4   0x000002e8   Zero   RW           42    .bss                wm_wifi_oneshot.o
    0x000408bc   0x000003a0   Zero   RW          140    .bss                main.o
    0x00040c5c   0x000004b0   Zero   RW          143    .bss                wm_main.o
    0x0004110c   0x00001d00   Zero   RW          151    .bss                ucos_ii.o
    0x00042e0c   0x00000220   Zero   RW          161    .bss                wm_hostspi.o
    0x0004302c   0x00000120   Zero   RW          165    .bss                wm_uart.o
    0x0004314c   0x00000018   Zero   RW          180    .bss                wm_hspi.o
    0x00043164   0x00000200   Zero   RW          183    .bss                wm_irq.o
    0x00043364   0x00000060   Zero   RW          189    .bss                wm_pwm.o
    0x000433c4   0x00000460   Zero   RW          194    .bss                tls_netconn.o
    0x00043824   0x00000014   Zero   RW          203    .bss                netdb.o
    0x00043838   0x000000c0   Zero   RW          207    .bss                sockets.o
    0x000438f8   0x00000032   Zero   RW          212    .bss                dhcp.o
    0x0004392a   0x00000002   PAD
    0x0004392c   0x00000663   Zero   RW          215    .bss                dns.o
    0x00043f8f   0x00000001   PAD
    0x00043f90   0x000000ba   Zero   RW          226    .bss                stats.o
    0x0004404a   0x00000002   PAD
    0x0004404c   0x00000014   Zero   RW          233    .bss                tcp_in.o
    0x00044060   0x00000014   Zero   RW          237    .bss                timers.o
    0x00044074   0x00000010   Zero   RW          246    .bss                ip_addr.o
    0x00044084   0x000000c8   Zero   RW          252    .bss                etharp.o
    0x0004414c   0x0000000c   Zero   RW          257    .bss                ethernet.o
    0x00044158   0x00001000   Zero   RW          260    .bss                sys_arch.o
    0x00045158   0x00000180   Zero   RW          264    .bss                retarget.o
    0x000452d8   0x00000400   Zero   RW          273    .bss                tls_sys.o
    0x000456d8   0x00000420   Zero   RW          280    .bss                wm_fwup.o
    0x00045af8   0x000019c4   Zero   RW          285    .bss                user_main.o
    0x000474bc   0x00000f08   Zero   RW          289    .bss                zc_hf_adpter.o
    0x000483c4   0x00000260   Zero   RW          290    .bss                zc_hf_adpter.o
    0x00048624   0x00000260   Zero   RW          291    .bss                zc_hf_adpter.o
    0x00048884   0x00000260   Zero   RW          292    .bss                zc_hf_adpter.o
    0x00048ae4   0x00000028   Zero   RW          293    .bss                zc_hf_adpter.o
    0x00048b0c   0x00000720   Zero   RW          294    .bss                zc_hf_adpter.o
    0x0004922c   0x00000028   Zero   RW          295    .bss                zc_hf_adpter.o
    0x00049254   0x00000258   Zero   RW          296    .bss                zc_hf_adpter.o
    0x000494ac   0x00000028   Zero   RW          305    .bss                zc_client_manager.o
    0x000494d4   0x000001b4   Zero   RW          309    .bss                zc_configuration.o
    0x00049688   0x00000088   Zero   RW          314    .bss                zc_protocol_controller.o
    0x00049710   0x00000050   Zero   RW          318    .bss                zc_timer.o
    0x00049760   0x00001868   Zero   RW          320    .bss                bignum.o
    0x0004afc8   0x00000258   Zero   RW          327    .bss                ac_hal.o
    0x0004b220   0x00000148   Zero   RW          330    .bss                rsa2.o
    0x0004b368   0x00000094   Zero   RW          337    .bss                wifi.lib(random.o)
    0x0004b3fc   0x00002200   Zero   RW          345    .bss                wifi.lib(wpa_supplicant.o)
    0x0004d5fc   0x000010a0   Zero   RW          349    .bss                wifi.lib(tls_wl_core.o)
    0x0004e69c   0x00000004   PAD
    0x0004e6a0   0x00000084   Zero   RW          355    .bss                wifi.lib(tls_wl_rf65.o)
    0x0004e724   0x000004a4   Zero   RW          370    .bss                wifi.lib(tls_wl_tx.o)
    0x0004ebc8   0x00000021   Zero   RW          373    .bss                wifi.lib(tls_wl_util.o)
    0x0004ebe9   0x00000003   PAD
    0x0004ebec   0x00000014   Zero   RW          377    .bss                wifi.lib(litepoint.o)
    0x0004ec00   0x0000001c   Zero   RW          378    .bss                wifi.lib(litepoint.o)
    0x0004ec1c   0x00000668   Zero   RW          382    .bss                wifi.lib(wm_param.o)
    0x0004f284   0x000001f8   Zero   RW          416    .bss                wifi.lib(tls_wl_rx.o)
    0x0004f47c   0x00000021   Zero   RW          424    .bss                wifi.lib(common.o)
    0x0004f49d   0x00000003   PAD
    0x0004f4a0   0x00000668   Zero   RW          435    .bss                wifi.lib(wm_wifi_oneshot_api.o)
    0x0004fb08   0x000000e4   Zero   RW          544    .bss                c_5.l(rand.o)


    Execution Region HEAP (Base: 0x0004fbec, Size: 0x00010004, Max: 0xffffffff, ABSOLUTE, UNINIT)

    Base Addr    Size         Type   Attr      Idx    E Section Name        Object

    0x0004fbec   0x00000004   PAD
    0x0004fbf0   0x00010000   Zero   RW          269    HEAP                start.o


    Execution Region STACK (Base: 0x0005fc00, Size: 0x00000220, Max: 0xffffffff, ABSOLUTE, UNINIT)

    Base Addr    Size         Type   Attr      Idx    E Section Name        Object

    0x0005fc00   0x00000220   Zero   RW          268    STACK               start.o


==============================================================================

Image component sizes


      Code (inc. data)   RO Data    RW Data    ZI Data      Debug   Object Name

       456         12          0          0          0          0   ac_api.o
       424        108          0          8        600          0   ac_hal.o
       488          0          0          0          0          0   aes_cbc.o
      2800         98      10280          0          0          0   aes_core.o
      1136         54          0          0          0          0   api_lib.o
      3172         76          0          0          0          0   api_msg.o
      8756         40        672          0       6248          0   bignum.o
        80         12          0          0          0          0   clock.o
       168         18          0       1088          0          0   crc.o
        40          0          0          0          0          0   def.o
      3376         62          0          4         50          0   dhcp.o
      2076         50          0          0        776          0   dhcp_server.o
      1272         50          0         20       1635          0   dns.o
       848         16          0          0         40          0   dns_server.o
      1888         32         12          1        200          0   etharp.o
       612         50          0          8         12          0   ethernet.o
       252         16          0          0          0          0   ethernetif.o
      4660        414         16          0          0          0   httpclient.o
       592         20          0          0          0          0   httpclientstring.o
       470          0          0          0          0          0   httpclientwrapper.o
       540         18          0          0          0          0   icmp.o
       524          0          0          0          0          0   inet_chksum.o
        36          0          0          0          0          0   init.o
       920         18          0         20          0          0   ip.o
       496         20          8          0         16          0   ip_addr.o
      1676         26          0          8          0          0   ip_frag.o
       296        134          0          4        928          0   main.o
         0          0         30          0          0          0   memp.o
       128          4          0          0          0          0   mpu.o
       272          4          0          0          0          0   netbuf.o
       460         22          0         20         20          0   netdb.o
       536         12          0         12          0          0   netif.o
       204         12          0          0          0          0   netifapi.o
       524         36          0          0          0          0   os_cpu_a.o
       224         56          0          2          0          0   os_cpu_c.o
      1456         20          0          1          0          0   pbuf.o
       392         16          0          4          0          0   raw.o
        72         10          0          4        384          0   retarget.o
       812         14          0          0        328          0   rsa2.o
      4032        120         64          8        192          0   sockets.o
       272         60          0          0      66080          0   start.o
         2          0          0          0        186          0   stats.o
       720         22          0          2       4096          0   sys_arch.o
      2936         72        188         36          0          0   tcp.o
      4524        130          0         28         20          0   tcp_in.o
      3440         76          0          0          0          0   tcp_out.o
       720         50          0         12          0          0   tcpip.o
       564         52          0          4         20          0   timers.o
      3240        110          4          4       1120          0   tls_netconn.o
       172          0          0          0          0          0   tls_sockets.o
       764         16          0          4       1024          0   tls_sys.o
      6512        176        256         84       7424          0   ucos_ii.o
      1240         34          0          8          0          0   udp.o
      1880        736          0         12       6596          0   user_main.o
      2032         64        256          8          0          0   utils.o
      3220         48          0         24         48          0   wm_cmdp.o
     13176        808        729       1084          0          0   wm_cmdp_at.o
      4012        244          0          8       2296          0   wm_cmdp_hostif.o
       304         10          0         16          0          0   wm_cmdp_oneshot_task.o
      4512         18          0        424          0          0   wm_cmdp_ri.o
       144         34          0          0          0          0   wm_cpu.o
       296         54          0          8          0          0   wm_dma.o
        96          0          0          0          0          0   wm_efuse.o
      1424         18          0         16          0          0   wm_fls.o
       588          6          0         68          0          0   wm_fls_gd25qxx.o
      1928         62          0         12       1056          0   wm_fwup.o
       592         18          0          0          0          0   wm_gpio.o
      3704        122          0          4        544          0   wm_hostspi.o
       864        114          0          0         24          0   wm_hspi.o
      1288         58          0          0         20          0   wm_hspi_task.o
       872        102          0          4       1024          0   wm_httpclient_task.o
       580         50          0          1        512          0   wm_irq.o
       276         24         10          8       1200          0   wm_main.o
        84          0          0          0          0          0   wm_mem.o
       484         24          0          6         96          0   wm_pwm.o
        72          4          0          0          0          0   wm_timer.o
      2120         68        136          4        288          0   wm_uart.o
      3868        138         20          8        848          0   wm_uart_task.o
       112          8          0          0          0          0   wm_uart_timer.o
      3896        120          0         92        744          0   wm_wifi_oneshot.o
       232         18          0         16          0          0   zc_bc.o
       708         18          0          0         40          0   zc_client_manager.o
       444          4          0          0          0          0   zc_cloud_event.o
       328        164          0          0          0          0   zc_common.o
       580         52          0         52        436          0   zc_configuration.o
      2720        712          0        161       8176          0   zc_hf_adpter.o
       600         48          0          0          0          0   zc_message_queue.o
      1008         26          0          0          0          0   zc_moudle_manager.o
      3128        558          0          0        136          0   zc_protocol_controller.o
      1088         60         79          0          0          0   zc_sec_engine.o
       248         70          0          0         80          0   zc_timer.o

    ----------------------------------------------------------------------
    135800       7154      12815       3448     115568          0   Object Totals
        16          4         48          0          0          0   (incl. Generated)
         4          0          7         18          5          0   (incl. Padding)

    ----------------------------------------------------------------------

      Code (inc. data)   RO Data    RW Data    ZI Data      Debug   Library Member Name

        64         10          0          0          0          0   __0sscanf.o
        28          6          0          0          0          0   __2printf.o
        44          4          0          0          0          0   __2sprintf.o
        92          0          0          0          0          0   __dczerorl2.o
         8          0          0          0          0          0   __main.o
       392          6         17          0          0          0   __printf_flags_ss_wp.o
        14          0          0          0          0          0   __printf_wp.o
        60          8          0          0          0          0   __scatter.o
        40          0          0          0          0          0   __scatter_copy.o
        44          0          0          0          0          0   __scatter_zi.o
        30          0          0          0          0          0   _chval.o
         8          0          0          0          0          0   _printf_c.o
        54          0          0          0          0          0   _printf_char.o
        48          6          0          0          0          0   _printf_char_common.o
        40          6          0          0          0          0   _printf_char_file.o
         8          0          0          0          0          0   _printf_d.o
       116         18          0          0          0          0   _printf_dec.o
       140          6         40          0          0          0   _printf_hex_int_ptr.o
       176          0          0          0          0          0   _printf_intcommon.o
        78          0          0          0          0          0   _printf_pad.o
         0          0          0          0          0          0   _printf_percent.o
         8          0          0          0          0          0   _printf_percent_end.o
         8          0          0          0          0          0   _printf_s.o
        82          0          0          0          0          0   _printf_str.o
         8          0          0          0          0          0   _printf_u.o
         8          0          0          0          0          0   _printf_x.o
       924         14          0          0          0          0   _scanf.o
       330          0          0          0          0          0   _scanf_int.o
       228          0          0          0          0          0   _scanf_str.o
        68          0          0          0          0          0   _sgetc.o
        10          0          0          0          0          0   _sputc.o
       168          0          0          0          0          0   _strtoul.o
        16          0          0          0          0          0   aeabi_memset.o
       416          0          0          0          0          0   aeabi_sdiv.o
        26          0          0          0          0          0   atoi.o
        26          0          0          0          0          0   atol.o
        12          0          0          0          0          0   defsig_exit.o
        52          0          0          0          0          0   defsig_general.o
        80         58          0          0          0          0   defsig_rtmem_inner.o
        12          0          0          0          0          0   defsig_rtmem_outer.o
        12          0          0          0          0          0   exit.o
       154          0          0          0          0          0   h1_alloc_mt.o
        54          0          0          0          0          0   h1_extend_mt.o
       116          0          0          0          0          0   h1_free_mt.o
        22          0          0          0          0          0   h1_init_mt.o
       220          0          0          0          0          0   h1_realloc_mt.o
         6          0          0          0          0          0   heapauxi.o
         4          0          0          0          0          0   hguard.o
       136          0          0          0          0          0   init_alloc.o
        18          0          0          0          0          0   isspace.o
        72          8        272          0          0          0   lc_ctype_c.o
         2          0          0          0          0          0   libinit.o
        32          0          0          0          0          0   libinit2.o
         2          0          0          0          0          0   libshutdown.o
         2          0          0          0          0          0   libshutdown2.o
        80          0          0          0          0          0   llsdiv.o
       752         64          0          0          0          0   lludiv5.o
         0          0          0          0          0          0   maybetermalloc1.o
        24          0          0          0          0          0   memchr.o
       116          0          0          0          0          0   memcmp.o
       120         18          0          0        228          0   rand.o
        20          4          0          0          0          0   rt_ctype_table.o
         4          0          0          0          0          0   rt_errno_addr_onelibspace.o
        16          0          0          0          0          0   rt_heap_descriptor_onelibspace.o
        16          0          0          0          0          0   rt_locale_onelibspace.o
        64          0          0          0          0          0   rt_memclr.o
        84          0          0          0          0          0   rt_memclr_w.o
       212          0          0          0          0          0   rt_memcpy.o
       100          0          0          0          0          0   rt_memcpy_w.o
         0          0          0          0          0          0   rtentry.o
        44          4          0          0          0          0   rtentry2.o
         8          0          0          0          0          0   rtentry4.o
         4          0          0          0          0          0   rtexit.o
        12          0          0          0          0          0   rtexit2.o
        44          0          0          0          0          0   rtudiv10.o
        48          8          0          0          0          0   scanf_char.o
        24          0          0          0          0          0   strcat.o
        22          0          0          0          0          0   strchr.o
       160          4          0          0          0          0   strcmp.o
        76          4          0          0          0          0   strcpy.o
        68          6          0          0          0          0   strlen.o
       108          4          0          0          0          0   strncpy.o
        40          0          0          0          0          0   strstr.o
       112          4          0          0          0          0   strtol.o
        26          0          0          0          0          0   tolower.o
        30          0          0          0          0          0   toupper.o
        32          0          0          0          0          0   uread4.o
        32          0          0          0          0          0   uwrite4.o
        16          4          0          0          0          0   dcheck1.o
       112          4          0          0          0          0   dfix.o
        52          0          0          0          0          0   dflt_clz.o
       184          0          0          0          0          0   dnaninf.o
       116          0          0          0          0          0   retnan.o
       104          0          0          0          0          0   scalbn.o
        60          0          0          0          0          0   trapv.o
         0          0          0          0          0          0   usenofp.o
      2500         28       4152          0          0          0   aesMatrix.o
       172          0          0          0          0          0   aes_unwrap.o
       154          0          0          0          0          0   aes_wrap.o
      1202         30        144          0          0          0   ap.o
        56          0          0          0          0          0   ap_mlme.o
      1226          0          0          0          0          0   beacon.o
       648          0          0          0          0          0   bss.o
       304         16          0          0         33          0   common.o
      3264         22          0          0          0          0   events.o
       780         12        104          0          0          0   hostapd.o
      1200         22          0          0          0          0   hostapd_sta_info.o
       536          0          0          0          0          0   hostapd_wpa_driver.o
      2676         14          0          0          0          0   ieee802_11.o
       684          6          0          0          0          0   ieee802_11_common.o
       168          0          0          0          0          0   ieee802_1x.o
       620         22          0         12         48          0   litepoint.o
      2380        266          0          0          0          0   md5.o
       110          0          0          0          0          0   os_internal.o
       364         12         32         20        148          0   random.o
       258          0          0          0          0          0   rc4.o
       562          0          0          0          0          0   scan.o
       224          0          0          0          0          0   sha1-pbkdf2.o
       364          0          0          0          0          0   sha1.o
      4696         48          0          0          0          0   sha1_internal.o
       228          8          0          0          0          0   tkip_countermeasures.o
      1604         30          0          4          0          0   tls_wl_bss.o
      1672        134          6          4       4256          0   tls_wl_core.o
      2916        144          0        308          0          0   tls_wl_hw.o
      2362         36          0          0          0          0   tls_wl_if.o
       872          8          0          0          0          0   tls_wl_key.o
      2580         24          0          0          0          0   tls_wl_mgmt.o
      4630         48          0          0          0          0   tls_wl_mlme.o
        44          8         80          0          0          0   tls_wl_phy.o
      1748         36          0       1584          0          0   tls_wl_rc.o
      3972        180       4216        972        132          0   tls_wl_rf65.o
      3658         64          6          0        504          0   tls_wl_rx.o
       824          4          0          0          0          0   tls_wl_scan.o
       632          8          0          0          0          0   tls_wl_sta_info.o
      3232         70          0         12       1188          0   tls_wl_tx.o
      1060         18          0          0         33          0   tls_wl_util.o
      2964        286          8          8       1640          0   wm_param.o
      2036         30          0          4          0          0   wm_wifi_api.o
      1692         34          0         32       1640          0   wm_wifi_oneshot_api.o
      4220        128        176          0          0          0   wpa.o
      5864        160          0          0          0          0   wpa_auth.o
       192          4          0          0          0          0   wpa_auth_glue.o
      1580         18          0          0          0          0   wpa_auth_ie.o
      1316         86          0          0          0          0   wpa_common.o
      1088          4          0          0          0          0   wpa_driver.o
       916         10          0          0          0          0   wpa_ie.o
      5562        244          0         52       8704          0   wpa_supplicant.o
       306          0          0          0          0          0   wpabuf.o
       312          0          0          0          0          0   wpas_glue.o

    ----------------------------------------------------------------------
     93228       2600       9257       3012      18568          0   Library Totals
        38          0          4          0         14          0   (incl. Padding)

    ----------------------------------------------------------------------

      Code (inc. data)   RO Data    RW Data    ZI Data      Debug   Library Name

      7316        270        329          0        228          0   c_5.l
       644          8          0          0          0          0   fz_5s.l
     85230       2322       8924       3012      18326          0   wifi.lib

    ----------------------------------------------------------------------
     93228       2600       9257       3012      18568          0   Library Totals

    ----------------------------------------------------------------------

==============================================================================


      Code (inc. data)   RO Data    RW Data    ZI Data      Debug   

    229028       9754      22072       6460     134136          0   Grand Totals
    229028       9754      22072       2872     134136          0   ELF Image Totals (compressed)
    229028       9754      22072       2872          0          0   ROM Totals

==============================================================================

    Total RO  Size (Code + RO Data)               251100 ( 245.21kB)
    Total RW  Size (RW Data + ZI Data)            140596 ( 137.30kB)
    Total ROM Size (Code + RO Data + RW Data)     253972 ( 248.02kB)

==============================================================================

